This is XeTeX, Version 3.141592653-2.6-0.999998 (MiKTeX 26.1) (preloaded format=xelatex 2026.3.11)  5 MAY 2026 13:42
entering extended mode
 restricted \write18 enabled.
 %&-line parsing enabled.
**./InformeBoguradJorge.tex
(InformeBoguradJorge.tex
LaTeX2e <2025-11-01>
L3 programming layer <2026-01-19>
(C:\Users\jorge\AppData\Local\Programs\MiKTeX\tex/latex/base\report.cls
Document Class: report 2025/01/22 v1.4n Standard LaTeX document class
(C:\Users\jorge\AppData\Local\Programs\MiKTeX\tex/latex/base\size12.clo
File: size12.clo 2025/01/22 v1.4n Standard LaTeX file (size option)
)
\c@part=\count271
\c@chapter=\count272
\c@section=\count273
\c@subsection=\count274
\c@subsubsection=\count275
\c@paragraph=\count276
\c@subparagraph=\count277
\c@figure=\count278
\c@table=\count279
\abovecaptionskip=\skip49
\belowcaptionskip=\skip50
\bibindent=\dimen148
)
(C:\Users\jorge\AppData\Local\Programs\MiKTeX\tex/latex/base\inputenc.sty
Package: inputenc 2024/02/08 v1.3d Input encoding file
\inpenc@prehook=\toks17
\inpenc@posthook=\toks18


Package inputenc Warning: inputenc package ignored with utf8 based engines.

) (C:\Users\jorge\AppData\Local\Programs\MiKTeX\tex/generic/babel\babel.sty
Package: babel 2026/01/26 v26.2 The multilingual framework for LuaLaTeX, pdfLaT
eX and XeLaTeX
\babel@savecnt=\count280
LaTeX Encoding Info:    Redeclaring text command \ij (encoding OT1) on input li
ne 2078.
LaTeX Encoding Info:    Redeclaring text command \IJ (encoding OT1) on input li
ne 2080.
LaTeX Encoding Info:    Redeclaring text command \ij (encoding T1) on input lin
e 2082.
LaTeX Encoding Info:    Redeclaring text command \IJ (encoding T1) on input lin
e 2083.
LaTeX Encoding Info:    Ignoring declaration for text command \ij (encoding ?) 
on input line 2084.
LaTeX Encoding Info:    Ignoring declaration for text command \IJ (encoding ?) 
on input line 2086.
LaTeX Encoding Info:    Ignoring declaration for text command \SS (encoding ?) 
on input line 2111.
\U@D=\dimen149
\l@unhyphenated=\language79

(C:\Users\jorge\AppData\Local\Programs\MiKTeX\tex/generic/babel\xebabel.def)
\bbl@readstream=\read2
\bbl@dirlevel=\count281
Package babel Info: Configuration files are deprecated, as
(babel)             they can break document portability.
(babel)             Reported on input line 4206.

*************************************
* Local config file bblopts.cfg used
*
(C:\Users\jorge\AppData\Local\Programs\MiKTeX\tex/latex/arabi\bblopts.cfg
File: bblopts.cfg 2005/09/08 v0.1 add Arabic and Farsi to "declared" options of
 babel
)
(C:\Users\jorge\AppData\Local\Programs\MiKTeX\tex/generic/babel/locale/es\babel
-spanish.tex)
Package babel Info: Importing font and identification data for spanish
(babel)             from babel-es.ini. Reported on input line 4330.

(C:\Users\jorge\AppData\Local\Programs\MiKTeX\tex/latex/babel-spanish\spanish.l
df
Language: spanish.ldf 2021/05/27 v5.0q Spanish support from the babel system
\es@quottoks=\toks19
\es@quotdepth=\count282
Package babel Info: Making " an active character on input line 570.
Package babel Info: Making . an active character on input line 675.
))
LaTeX Encoding Info:    Redeclaring text command \guillemotleft (encoding OT1) 
on input line 6.
LaTeX Encoding Info:    Redeclaring text command \guillemotright (encoding OT1)
 on input line 6.

(C:\Users\jorge\AppData\Local\Programs\MiKTeX\tex/latex/microtype\microtype.sty
Package: microtype 2025/07/09 v3.2b Micro-typographical refinements (RS)
(C:\Users\jorge\AppData\Local\Programs\MiKTeX\tex/latex/graphics\keyval.sty
Package: keyval 2022/05/29 v1.15 key=value parser (DPC)
\KV@toks@=\toks20
)
(C:\Users\jorge\AppData\Local\Programs\MiKTeX\tex/latex/etoolbox\etoolbox.sty
Package: etoolbox 2025/10/02 v2.5m e-TeX tools for LaTeX (JAW)
\etb@tempcnta=\count283
)
\MT@toks=\toks21
\MT@tempbox=\box53
\MT@count=\count284
LaTeX Info: Redefining \noprotrusionifhmode on input line 1087.
LaTeX Info: Redefining \leftprotrusion on input line 1088.
\MT@prot@toks=\toks22
LaTeX Info: Redefining \rightprotrusion on input line 1107.
LaTeX Info: Redefining \textls on input line 1449.
\MT@outer@kern=\dimen150
LaTeX Info: Redefining \microtypecontext on input line 2053.
LaTeX Info: Redefining \textmicrotypecontext on input line 2070.
\MT@listname@count=\count285

(C:\Users\jorge\AppData\Local\Programs\MiKTeX\tex/latex/microtype\microtype-xet
ex.def
File: microtype-xetex.def 2025/07/09 v3.2b Definitions specific to xetex (RS)
LaTeX Info: Redefining \lsstyle on input line 443.
LaTeX Info: Redefining \lslig on input line 451.
\MT@outer@space=\skip51
)
Package microtype Info: Loading configuration file microtype.cfg.

(C:\Users\jorge\AppData\Local\Programs\MiKTeX\tex/latex/microtype\microtype.cfg
File: microtype.cfg 2025/07/09 v3.2b microtype main configuration file (RS)
)
LaTeX Info: Redefining \microtypesetup on input line 3065.
)
(C:\Users\jorge\AppData\Local\Programs\MiKTeX\tex/latex/csquotes\csquotes.sty
Package: csquotes 2024-04-04 v5.2o context-sensitive quotations (JAW)
\csq@reset=\count286
\csq@gtype=\count287
\csq@glevel=\count288
\csq@qlevel=\count289
\csq@maxlvl=\count290
\csq@tshold=\count291
\csq@ltx@everypar=\toks23

(C:\Users\jorge\AppData\Local\Programs\MiKTeX\tex/latex/csquotes\csquotes.def
File: csquotes.def 2024-04-04 v5.2o csquotes generic definitions (JAW)
)
Package csquotes Info: Trying to load configuration file 'csquotes.cfg'...
Package csquotes Info: ... configuration file loaded successfully.

(C:\Users\jorge\AppData\Local\Programs\MiKTeX\tex/latex/csquotes\csquotes.cfg
File: csquotes.cfg 
)
Package csquotes Info: Enabling multilingual quotes.
Package csquotes Info: Redefining alias 'spanish' -> 'spanish/spanish'.
)
Package csquotes Info: Disabling multilingual quotes.
Package csquotes Info: Redefining alias 'default' -> 'english'.
(C:\Users\jorge\AppData\Local\Programs\MiKTeX\tex/latex/amsmath\amsmath.sty
Package: amsmath 2025/07/09 v2.17z AMS math features
\@mathmargin=\skip52

For additional information on amsmath, use the `?' option.
(C:\Users\jorge\AppData\Local\Programs\MiKTeX\tex/latex/amsmath\amstext.sty
Package: amstext 2024/11/17 v2.01 AMS text

(C:\Users\jorge\AppData\Local\Programs\MiKTeX\tex/latex/amsmath\amsgen.sty
File: amsgen.sty 1999/11/30 v2.0 generic functions
\@emptytoks=\toks24
\ex@=\dimen151
))
(C:\Users\jorge\AppData\Local\Programs\MiKTeX\tex/latex/amsmath\amsbsy.sty
Package: amsbsy 1999/11/29 v1.2d Bold Symbols
\pmbraise@=\dimen152
)
(C:\Users\jorge\AppData\Local\Programs\MiKTeX\tex/latex/amsmath\amsopn.sty
Package: amsopn 2022/04/08 v2.04 operator names
)
\inf@bad=\count292
LaTeX Info: Redefining \frac on input line 233.
\uproot@=\count293
\leftroot@=\count294
LaTeX Info: Redefining \overline on input line 398.
LaTeX Info: Redefining \colon on input line 409.
\classnum@=\count295
\DOTSCASE@=\count296
LaTeX Info: Redefining \ldots on input line 495.
LaTeX Info: Redefining \dots on input line 498.
LaTeX Info: Redefining \cdots on input line 619.
\Mathstrutbox@=\box54
\strutbox@=\box55
LaTeX Info: Redefining \big on input line 721.
LaTeX Info: Redefining \Big on input line 722.
LaTeX Info: Redefining \bigg on input line 723.
LaTeX Info: Redefining \Bigg on input line 724.
\big@size=\dimen153
LaTeX Font Info:    Redeclaring font encoding OML on input line 742.
LaTeX Font Info:    Redeclaring font encoding OMS on input line 743.
\macc@depth=\count297
LaTeX Info: Redefining \bmod on input line 904.
LaTeX Info: Redefining \pmod on input line 909.
LaTeX Info: Redefining \smash on input line 939.
LaTeX Info: Redefining \relbar on input line 969.
LaTeX Info: Redefining \Relbar on input line 970.
\c@MaxMatrixCols=\count298
\dotsspace@=\muskip17
\c@parentequation=\count299
\dspbrk@lvl=\count300
\tag@help=\toks25
\row@=\count301
\column@=\count302
\maxfields@=\count303
\andhelp@=\toks26
\eqnshift@=\dimen154
\alignsep@=\dimen155
\tagshift@=\dimen156
\tagwidth@=\dimen157
\totwidth@=\dimen158
\lineht@=\dimen159
\@envbody=\toks27
\multlinegap=\skip53
\multlinetaggap=\skip54
\mathdisplay@stack=\toks28
LaTeX Info: Redefining \[ on input line 2950.
LaTeX Info: Redefining \] on input line 2951.
)
(C:\Users\jorge\AppData\Local\Programs\MiKTeX\tex/latex/amsfonts\amsfonts.sty
Package: amsfonts 2013/01/14 v3.01 Basic AMSFonts support
\symAMSa=\mathgroup4
\symAMSb=\mathgroup5
LaTeX Font Info:    Redeclaring math symbol \hbar on input line 98.
LaTeX Font Info:    Overwriting math alphabet `\mathfrak' in version `bold'
(Font)                  U/euf/m/n --> U/euf/b/n on input line 106.
)
(C:\Users\jorge\AppData\Local\Programs\MiKTeX\tex/latex/amsfonts\amssymb.sty
Package: amssymb 2013/01/14 v3.01 AMS font symbols
)
(C:\Users\jorge\AppData\Local\Programs\MiKTeX\tex/latex/graphics\graphicx.sty
Package: graphicx 2024/12/31 v1.2e Enhanced LaTeX Graphics (DPC,SPQR)

(C:\Users\jorge\AppData\Local\Programs\MiKTeX\tex/latex/graphics\graphics.sty
Package: graphics 2024/08/06 v1.4g Standard LaTeX Graphics (DPC,SPQR)

(C:\Users\jorge\AppData\Local\Programs\MiKTeX\tex/latex/graphics\trig.sty
Package: trig 2023/12/02 v1.11 sin cos tan (DPC)
)
(C:\Users\jorge\AppData\Local\Programs\MiKTeX\tex/latex/graphics-cfg\graphics.c
fg
File: graphics.cfg 2016/06/04 v1.11 sample graphics configuration
)
Package graphics Info: Driver file: xetex.def on input line 106.

(C:\Users\jorge\AppData\Local\Programs\MiKTeX\tex/latex/graphics-def\xetex.def
File: xetex.def 2025/11/01 v5.0p Graphics/color driver for xetex
))
\Gin@req@height=\dimen160
\Gin@req@width=\dimen161
) (C:\Users\jorge\AppData\Local\Programs\MiKTeX\tex/latex/float\float.sty
Package: float 2001/11/08 v1.3d Float enhancements (AL)
\c@float@type=\count304
\float@exts=\toks29
\float@box=\box56
\@float@everytoks=\toks30
\@floatcapt=\box57
)
(C:\Users\jorge\AppData\Local\Programs\MiKTeX\tex/latex/booktabs\booktabs.sty
Package: booktabs 2020/01/12 v1.61803398 Publication quality tables
\heavyrulewidth=\dimen162
\lightrulewidth=\dimen163
\cmidrulewidth=\dimen164
\belowrulesep=\dimen165
\belowbottomsep=\dimen166
\aboverulesep=\dimen167
\abovetopsep=\dimen168
\cmidrulesep=\dimen169
\cmidrulekern=\dimen170
\defaultaddspace=\dimen171
\@cmidla=\count305
\@cmidlb=\count306
\@aboverulesep=\dimen172
\@belowrulesep=\dimen173
\@thisruleclass=\count307
\@lastruleclass=\count308
\@thisrulewidth=\dimen174
)
(C:\Users\jorge\AppData\Local\Programs\MiKTeX\tex/latex/pgf/frontendlayer\tikz.
sty
(C:\Users\jorge\AppData\Local\Programs\MiKTeX\tex/latex/pgf/basiclayer\pgf.sty
(C:\Users\jorge\AppData\Local\Programs\MiKTeX\tex/latex/pgf/utilities\pgfrcs.st
y
(C:\Users\jorge\AppData\Local\Programs\MiKTeX\tex/generic/pgf/utilities\pgfutil
-common.tex
\pgfutil@everybye=\toks31
\pgfutil@tempdima=\dimen175
\pgfutil@tempdimb=\dimen176
)
(C:\Users\jorge\AppData\Local\Programs\MiKTeX\tex/generic/pgf/utilities\pgfutil
-latex.def
\pgfutil@abb=\box58
)
(C:\Users\jorge\AppData\Local\Programs\MiKTeX\tex/generic/pgf/utilities\pgfrcs.
code.tex
(C:\Users\jorge\AppData\Local\Programs\MiKTeX\tex/generic/pgf\pgf.revision.tex)
Package: pgfrcs 2025-08-29 v3.1.11a (3.1.11a)
))
Package: pgf 2025-08-29 v3.1.11a (3.1.11a)

(C:\Users\jorge\AppData\Local\Programs\MiKTeX\tex/latex/pgf/basiclayer\pgfcore.
sty
(C:\Users\jorge\AppData\Local\Programs\MiKTeX\tex/latex/pgf/systemlayer\pgfsys.
sty
(C:\Users\jorge\AppData\Local\Programs\MiKTeX\tex/generic/pgf/systemlayer\pgfsy
s.code.tex
Package: pgfsys 2025-08-29 v3.1.11a (3.1.11a)

(C:\Users\jorge\AppData\Local\Programs\MiKTeX\tex/generic/pgf/utilities\pgfkeys
.code.tex
\pgfkeys@pathtoks=\toks32
\pgfkeys@temptoks=\toks33

(C:\Users\jorge\AppData\Local\Programs\MiKTeX\tex/generic/pgf/utilities\pgfkeys
libraryfiltered.code.tex
\pgfkeys@tmptoks=\toks34
))
\pgf@x=\dimen177
\pgf@y=\dimen178
\pgf@xa=\dimen179
\pgf@ya=\dimen180
\pgf@xb=\dimen181
\pgf@yb=\dimen182
\pgf@xc=\dimen183
\pgf@yc=\dimen184
\pgf@xd=\dimen185
\pgf@yd=\dimen186
\w@pgf@writea=\write3
\r@pgf@reada=\read3
\c@pgf@counta=\count309
\c@pgf@countb=\count310
\c@pgf@countc=\count311
\c@pgf@countd=\count312
\t@pgf@toka=\toks35
\t@pgf@tokb=\toks36
\t@pgf@tokc=\toks37
\pgf@sys@id@count=\count313

(C:\Users\jorge\AppData\Local\Programs\MiKTeX\tex/generic/pgf/systemlayer\pgf.c
fg
File: pgf.cfg 2025-08-29 v3.1.11a (3.1.11a)
)
Driver file for pgf: pgfsys-xetex.def

(C:\Users\jorge\AppData\Local\Programs\MiKTeX\tex/generic/pgf/systemlayer\pgfsy
s-xetex.def
File: pgfsys-xetex.def 2025-08-29 v3.1.11a (3.1.11a)

(C:\Users\jorge\AppData\Local\Programs\MiKTeX\tex/generic/pgf/systemlayer\pgfsy
s-dvipdfmx.def
File: pgfsys-dvipdfmx.def 2025-08-29 v3.1.11a (3.1.11a)

(C:\Users\jorge\AppData\Local\Programs\MiKTeX\tex/generic/pgf/systemlayer\pgfsy
s-common-pdf.def
File: pgfsys-common-pdf.def 2025-08-29 v3.1.11a (3.1.11a)
)
\pgfsys@objnum=\count314
)))
(C:\Users\jorge\AppData\Local\Programs\MiKTeX\tex/generic/pgf/systemlayer\pgfsy
ssoftpath.code.tex
File: pgfsyssoftpath.code.tex 2025-08-29 v3.1.11a (3.1.11a)
\pgfsyssoftpath@smallbuffer@items=\count315
\pgfsyssoftpath@bigbuffer@items=\count316
)
(C:\Users\jorge\AppData\Local\Programs\MiKTeX\tex/generic/pgf/systemlayer\pgfsy
sprotocol.code.tex
File: pgfsysprotocol.code.tex 2025-08-29 v3.1.11a (3.1.11a)
))
(C:\Users\jorge\AppData\Local\Programs\MiKTeX\tex/latex/xcolor\xcolor.sty
Package: xcolor 2024/09/29 v3.02 LaTeX color extensions (UK)

(C:\Users\jorge\AppData\Local\Programs\MiKTeX\tex/latex/graphics-cfg\color.cfg
File: color.cfg 2016/01/02 v1.6 sample color configuration
)
Package xcolor Info: Driver file: xetex.def on input line 274.
(C:\Users\jorge\AppData\Local\Programs\MiKTeX\tex/latex/graphics\mathcolor.ltx)
Package xcolor Info: Model `cmy' substituted by `cmy0' on input line 1349.
Package xcolor Info: Model `RGB' extended on input line 1365.
Package xcolor Info: Model `HTML' substituted by `rgb' on input line 1367.
Package xcolor Info: Model `Hsb' substituted by `hsb' on input line 1368.
Package xcolor Info: Model `tHsb' substituted by `hsb' on input line 1369.
Package xcolor Info: Model `HSB' substituted by `hsb' on input line 1370.
Package xcolor Info: Model `Gray' substituted by `gray' on input line 1371.
Package xcolor Info: Model `wave' substituted by `hsb' on input line 1372.
)
(C:\Users\jorge\AppData\Local\Programs\MiKTeX\tex/generic/pgf/basiclayer\pgfcor
e.code.tex
Package: pgfcore 2025-08-29 v3.1.11a (3.1.11a)

(C:\Users\jorge\AppData\Local\Programs\MiKTeX\tex/generic/pgf/math\pgfmath.code
.tex
(C:\Users\jorge\AppData\Local\Programs\MiKTeX\tex/generic/pgf/math\pgfmathutil.
code.tex)
(C:\Users\jorge\AppData\Local\Programs\MiKTeX\tex/generic/pgf/math\pgfmathparse
r.code.tex
\pgfmath@dimen=\dimen187
\pgfmath@count=\count317
\pgfmath@box=\box59
\pgfmath@toks=\toks38
\pgfmath@stack@operand=\toks39
\pgfmath@stack@operation=\toks40
)
(C:\Users\jorge\AppData\Local\Programs\MiKTeX\tex/generic/pgf/math\pgfmathfunct
ions.code.tex)
(C:\Users\jorge\AppData\Local\Programs\MiKTeX\tex/generic/pgf/math\pgfmathfunct
ions.basic.code.tex)
(C:\Users\jorge\AppData\Local\Programs\MiKTeX\tex/generic/pgf/math\pgfmathfunct
ions.trigonometric.code.tex)
(C:\Users\jorge\AppData\Local\Programs\MiKTeX\tex/generic/pgf/math\pgfmathfunct
ions.random.code.tex)
(C:\Users\jorge\AppData\Local\Programs\MiKTeX\tex/generic/pgf/math\pgfmathfunct
ions.comparison.code.tex)
(C:\Users\jorge\AppData\Local\Programs\MiKTeX\tex/generic/pgf/math\pgfmathfunct
ions.base.code.tex)
(C:\Users\jorge\AppData\Local\Programs\MiKTeX\tex/generic/pgf/math\pgfmathfunct
ions.round.code.tex)
(C:\Users\jorge\AppData\Local\Programs\MiKTeX\tex/generic/pgf/math\pgfmathfunct
ions.misc.code.tex)
(C:\Users\jorge\AppData\Local\Programs\MiKTeX\tex/generic/pgf/math\pgfmathfunct
ions.integerarithmetics.code.tex)
(C:\Users\jorge\AppData\Local\Programs\MiKTeX\tex/generic/pgf/math\pgfmathcalc.
code.tex)
(C:\Users\jorge\AppData\Local\Programs\MiKTeX\tex/generic/pgf/math\pgfmathfloat
.code.tex
\c@pgfmathroundto@lastzeros=\count318
))
(C:\Users\jorge\AppData\Local\Programs\MiKTeX\tex/generic/pgf/math\pgfint.code.
tex)
(C:\Users\jorge\AppData\Local\Programs\MiKTeX\tex/generic/pgf/basiclayer\pgfcor
epoints.code.tex
File: pgfcorepoints.code.tex 2025-08-29 v3.1.11a (3.1.11a)
\pgf@picminx=\dimen188
\pgf@picmaxx=\dimen189
\pgf@picminy=\dimen190
\pgf@picmaxy=\dimen191
\pgf@pathminx=\dimen192
\pgf@pathmaxx=\dimen193
\pgf@pathminy=\dimen194
\pgf@pathmaxy=\dimen195
\pgf@xx=\dimen196
\pgf@xy=\dimen197
\pgf@yx=\dimen198
\pgf@yy=\dimen199
\pgf@zx=\dimen256
\pgf@zy=\dimen257
)
(C:\Users\jorge\AppData\Local\Programs\MiKTeX\tex/generic/pgf/basiclayer\pgfcor
epathconstruct.code.tex
File: pgfcorepathconstruct.code.tex 2025-08-29 v3.1.11a (3.1.11a)
\pgf@path@lastx=\dimen258
\pgf@path@lasty=\dimen259
)
(C:\Users\jorge\AppData\Local\Programs\MiKTeX\tex/generic/pgf/basiclayer\pgfcor
epathusage.code.tex
File: pgfcorepathusage.code.tex 2025-08-29 v3.1.11a (3.1.11a)
\pgf@shorten@end@additional=\dimen260
\pgf@shorten@start@additional=\dimen261
)
(C:\Users\jorge\AppData\Local\Programs\MiKTeX\tex/generic/pgf/basiclayer\pgfcor
escopes.code.tex
File: pgfcorescopes.code.tex 2025-08-29 v3.1.11a (3.1.11a)
\pgfpic=\box60
\pgf@hbox=\box61
\pgf@layerbox@main=\box62
\pgf@picture@serial@count=\count319
)
(C:\Users\jorge\AppData\Local\Programs\MiKTeX\tex/generic/pgf/basiclayer\pgfcor
egraphicstate.code.tex
File: pgfcoregraphicstate.code.tex 2025-08-29 v3.1.11a (3.1.11a)
\pgflinewidth=\dimen262
)
(C:\Users\jorge\AppData\Local\Programs\MiKTeX\tex/generic/pgf/basiclayer\pgfcor
etransformations.code.tex
File: pgfcoretransformations.code.tex 2025-08-29 v3.1.11a (3.1.11a)
\pgf@pt@x=\dimen263
\pgf@pt@y=\dimen264
\pgf@pt@temp=\dimen265
)
(C:\Users\jorge\AppData\Local\Programs\MiKTeX\tex/generic/pgf/basiclayer\pgfcor
equick.code.tex
File: pgfcorequick.code.tex 2025-08-29 v3.1.11a (3.1.11a)
)
(C:\Users\jorge\AppData\Local\Programs\MiKTeX\tex/generic/pgf/basiclayer\pgfcor
eobjects.code.tex
File: pgfcoreobjects.code.tex 2025-08-29 v3.1.11a (3.1.11a)
)
(C:\Users\jorge\AppData\Local\Programs\MiKTeX\tex/generic/pgf/basiclayer\pgfcor
epathprocessing.code.tex
File: pgfcorepathprocessing.code.tex 2025-08-29 v3.1.11a (3.1.11a)
)
(C:\Users\jorge\AppData\Local\Programs\MiKTeX\tex/generic/pgf/basiclayer\pgfcor
earrows.code.tex
File: pgfcorearrows.code.tex 2025-08-29 v3.1.11a (3.1.11a)
\pgfarrowsep=\dimen266
)
(C:\Users\jorge\AppData\Local\Programs\MiKTeX\tex/generic/pgf/basiclayer\pgfcor
eshade.code.tex
File: pgfcoreshade.code.tex 2025-08-29 v3.1.11a (3.1.11a)
\pgf@max=\dimen267
\pgf@sys@shading@range@num=\count320
\pgf@shadingcount=\count321
)
(C:\Users\jorge\AppData\Local\Programs\MiKTeX\tex/generic/pgf/basiclayer\pgfcor
eimage.code.tex
File: pgfcoreimage.code.tex 2025-08-29 v3.1.11a (3.1.11a)
)
(C:\Users\jorge\AppData\Local\Programs\MiKTeX\tex/generic/pgf/basiclayer\pgfcor
eexternal.code.tex
File: pgfcoreexternal.code.tex 2025-08-29 v3.1.11a (3.1.11a)
\pgfexternal@startupbox=\box63
)
(C:\Users\jorge\AppData\Local\Programs\MiKTeX\tex/generic/pgf/basiclayer\pgfcor
elayers.code.tex
File: pgfcorelayers.code.tex 2025-08-29 v3.1.11a (3.1.11a)
)
(C:\Users\jorge\AppData\Local\Programs\MiKTeX\tex/generic/pgf/basiclayer\pgfcor
etransparency.code.tex
File: pgfcoretransparency.code.tex 2025-08-29 v3.1.11a (3.1.11a)
)
(C:\Users\jorge\AppData\Local\Programs\MiKTeX\tex/generic/pgf/basiclayer\pgfcor
epatterns.code.tex
File: pgfcorepatterns.code.tex 2025-08-29 v3.1.11a (3.1.11a)
)
(C:\Users\jorge\AppData\Local\Programs\MiKTeX\tex/generic/pgf/basiclayer\pgfcor
erdf.code.tex
File: pgfcorerdf.code.tex 2025-08-29 v3.1.11a (3.1.11a)
)))
(C:\Users\jorge\AppData\Local\Programs\MiKTeX\tex/generic/pgf/modules\pgfmodule
shapes.code.tex
File: pgfmoduleshapes.code.tex 2025-08-29 v3.1.11a (3.1.11a)
\pgfnodeparttextbox=\box64
)
(C:\Users\jorge\AppData\Local\Programs\MiKTeX\tex/generic/pgf/modules\pgfmodule
plot.code.tex
File: pgfmoduleplot.code.tex 2025-08-29 v3.1.11a (3.1.11a)
)
(C:\Users\jorge\AppData\Local\Programs\MiKTeX\tex/latex/pgf/compatibility\pgfco
mp-version-0-65.sty
Package: pgfcomp-version-0-65 2025-08-29 v3.1.11a (3.1.11a)
\pgf@nodesepstart=\dimen268
\pgf@nodesepend=\dimen269
)
(C:\Users\jorge\AppData\Local\Programs\MiKTeX\tex/latex/pgf/compatibility\pgfco
mp-version-1-18.sty
Package: pgfcomp-version-1-18 2025-08-29 v3.1.11a (3.1.11a)
))
(C:\Users\jorge\AppData\Local\Programs\MiKTeX\tex/latex/pgf/utilities\pgffor.st
y
(C:\Users\jorge\AppData\Local\Programs\MiKTeX\tex/latex/pgf/utilities\pgfkeys.s
ty
(C:\Users\jorge\AppData\Local\Programs\MiKTeX\tex/generic/pgf/utilities\pgfkeys
.code.tex))
(C:\Users\jorge\AppData\Local\Programs\MiKTeX\tex/latex/pgf/math\pgfmath.sty
(C:\Users\jorge\AppData\Local\Programs\MiKTeX\tex/generic/pgf/math\pgfmath.code
.tex))
(C:\Users\jorge\AppData\Local\Programs\MiKTeX\tex/generic/pgf/utilities\pgffor.
code.tex
Package: pgffor 2025-08-29 v3.1.11a (3.1.11a)
\pgffor@iter=\dimen270
\pgffor@skip=\dimen271
\pgffor@stack=\toks41
\pgffor@toks=\toks42
))
(C:\Users\jorge\AppData\Local\Programs\MiKTeX\tex/generic/pgf/frontendlayer/tik
z\tikz.code.tex
Package: tikz 2025-08-29 v3.1.11a (3.1.11a)

(C:\Users\jorge\AppData\Local\Programs\MiKTeX\tex/generic/pgf/libraries\pgflibr
aryplothandlers.code.tex
File: pgflibraryplothandlers.code.tex 2025-08-29 v3.1.11a (3.1.11a)
\pgf@plot@mark@count=\count322
\pgfplotmarksize=\dimen272
)
\tikz@lastx=\dimen273
\tikz@lasty=\dimen274
\tikz@lastxsaved=\dimen275
\tikz@lastysaved=\dimen276
\tikz@lastmovetox=\dimen277
\tikz@lastmovetoy=\dimen278
\tikzleveldistance=\dimen279
\tikzsiblingdistance=\dimen280
\tikz@figbox=\box65
\tikz@figbox@bg=\box66
\tikz@tempbox=\box67
\tikz@tempbox@bg=\box68
\tikztreelevel=\count323
\tikznumberofchildren=\count324
\tikznumberofcurrentchild=\count325
\tikz@fig@count=\count326

(C:\Users\jorge\AppData\Local\Programs\MiKTeX\tex/generic/pgf/modules\pgfmodule
matrix.code.tex
File: pgfmodulematrix.code.tex 2025-08-29 v3.1.11a (3.1.11a)
\pgfmatrixcurrentrow=\count327
\pgfmatrixcurrentcolumn=\count328
\pgf@matrix@numberofcolumns=\count329
)
\tikz@expandcount=\count330

(C:\Users\jorge\AppData\Local\Programs\MiKTeX\tex/generic/pgf/frontendlayer/tik
z/libraries\tikzlibrarytopaths.code.tex
File: tikzlibrarytopaths.code.tex 2025-08-29 v3.1.11a (3.1.11a)
)))
(C:\Users\jorge\AppData\Local\Programs\MiKTeX\tex/latex/tikz-3dplot\tikz-3dplot
.sty (C:\Users\jorge\AppData\Local\Programs\MiKTeX\tex/latex/base\ifthen.sty
Package: ifthen 2024/03/16 v1.1e Standard LaTeX ifthen package (DPC)
)
(C:\Users\jorge\AppData\Local\Programs\MiKTeX\tex/generic/pgf/frontendlayer/tik
z/libraries\tikzlibrarycalc.code.tex
File: tikzlibrarycalc.code.tex 2025-08-29 v3.1.11a (3.1.11a)
)
(C:\Users\jorge\AppData\Local\Programs\MiKTeX\tex/generic/pgf/frontendlayer/tik
z/libraries\tikzlibrary3d.code.tex
File: tikzlibrary3d.code.tex 2025-08-29 v3.1.11a (3.1.11a)
)
(C:\Users\jorge\AppData\Local\Programs\MiKTeX\tex/generic/pgf/frontendlayer/tik
z/libraries\tikzlibraryarrows.code.tex
File: tikzlibraryarrows.code.tex 2025-08-29 v3.1.11a (3.1.11a)

(C:\Users\jorge\AppData\Local\Programs\MiKTeX\tex/generic/pgf/libraries\pgflibr
aryarrows.code.tex
File: pgflibraryarrows.code.tex 2025-08-29 v3.1.11a (3.1.11a)
\arrowsize=\dimen281
)))
(C:\Users\jorge\AppData\Local\Programs\MiKTeX\tex/latex/multirow\multirow.sty
Package: multirow 2024/11/12 v2.9 Span multiple rows of a table
\multirow@colwidth=\skip55
\multirow@cntb=\count331
\multirow@dima=\skip56
\bigstrutjot=\dimen282
)
(C:\Users\jorge\AppData\Local\Programs\MiKTeX\tex/latex/geometry\geometry.sty
Package: geometry 2020/01/02 v5.9 Page Geometry

(C:\Users\jorge\AppData\Local\Programs\MiKTeX\tex/generic/iftex\ifvtex.sty
Package: ifvtex 2019/10/25 v1.7 ifvtex legacy package. Use iftex instead.

(C:\Users\jorge\AppData\Local\Programs\MiKTeX\tex/generic/iftex\iftex.sty
Package: iftex 2024/12/12 v1.0g TeX engine tests
))
\Gm@cnth=\count332
\Gm@cntv=\count333
\c@Gm@tempcnt=\count334
\Gm@bindingoffset=\dimen283
\Gm@wd@mp=\dimen284
\Gm@odd@mp=\dimen285
\Gm@even@mp=\dimen286
\Gm@layoutwidth=\dimen287
\Gm@layoutheight=\dimen288
\Gm@layouthoffset=\dimen289
\Gm@layoutvoffset=\dimen290
\Gm@dimlist=\toks43

(C:\Users\jorge\AppData\Local\Programs\MiKTeX\tex/latex/geometry\geometry.cfg))
(C:\Users\jorge\AppData\Local\Programs\MiKTeX\tex/latex/fancyhdr\fancyhdr.sty
Package: fancyhdr 2025/02/07 v5.2 Extensive control of page headers and footers

\f@nch@headwidth=\skip57
\f@nch@offset@elh=\skip58
\f@nch@offset@erh=\skip59
\f@nch@offset@olh=\skip60
\f@nch@offset@orh=\skip61
\f@nch@offset@elf=\skip62
\f@nch@offset@erf=\skip63
\f@nch@offset@olf=\skip64
\f@nch@offset@orf=\skip65
\f@nch@height=\skip66
\f@nch@footalignment=\skip67
\f@nch@widthL=\skip68
\f@nch@widthC=\skip69
\f@nch@widthR=\skip70
\@temptokenb=\toks44
)
(C:\Users\jorge\AppData\Local\Programs\MiKTeX\tex/latex/listings\listings.sty
\lst@mode=\count335
\lst@gtempboxa=\box69
\lst@token=\toks45
\lst@length=\count336
\lst@currlwidth=\dimen291
\lst@column=\count337
\lst@pos=\count338
\lst@lostspace=\dimen292
\lst@width=\dimen293
\lst@newlines=\count339
\lst@lineno=\count340
\lst@maxwidth=\dimen294

(C:\Users\jorge\AppData\Local\Programs\MiKTeX\tex/latex/listings\lstpatch.sty
File: lstpatch.sty 2025/11/14 1.11b (Carsten Heinz)
)
(C:\Users\jorge\AppData\Local\Programs\MiKTeX\tex/latex/listings\lstmisc.sty
File: lstmisc.sty 2025/11/14 1.11b (Carsten Heinz)
\c@lstnumber=\count341
\lst@skipnumbers=\count342
\lst@framebox=\box70
)
(C:\Users\jorge\AppData\Local\Programs\MiKTeX\tex/latex/listings\listings.cfg
File: listings.cfg 2025/11/14 1.11b listings configuration
))
Package: listings 2025/11/14 1.11b (Carsten Heinz)
==> First Aid for listings.sty no longer applied!
    Expected:
        2024/09/23 1.10c (Carsten Heinz)
    but found:
        2025/11/14 1.11b (Carsten Heinz)
    so I'm assuming it got fixed.
(C:\Users\jorge\AppData\Local\Programs\MiKTeX\tex/latex/colortbl\colortbl.sty
Package: colortbl 2024/10/29 v1.0k Color table columns (DPC)

(C:\Users\jorge\AppData\Local\Programs\MiKTeX\tex/latex/tools\array.sty
Package: array 2025/09/25 v2.6n Tabular extension package (FMi)
\col@sep=\dimen295
\ar@mcellbox=\box71
\extrarowheight=\dimen296
\NC@list=\toks46
\extratabsurround=\skip71
\backup@length=\skip72
\ar@cellbox=\box72
)
\everycr=\toks47
\minrowclearance=\skip73
\rownum=\count343
)
(C:\Users\jorge\AppData\Local\Programs\MiKTeX\tex/latex/tabularray\tabularray.s
ty
Package: tabularray 2025-11-27 v2025C Typeset tabulars and arrays with LaTeX3

(C:\Users\jorge\AppData\Local\Programs\MiKTeX\tex/latex/ninecolors\ninecolors.s
ty
Package: ninecolors 2022-02-13 v2022D Select colors with proper color contrast

(C:\Users\jorge\AppData\Local\Programs\MiKTeX\tex/latex/l3packages/xparse\xpars
e.sty
(C:\Users\jorge\AppData\Local\Programs\MiKTeX\tex/latex/l3kernel\expl3.sty
Package: expl3 2026-01-19 L3 programming layer (loader) 

(C:\Users\jorge\AppData\Local\Programs\MiKTeX\tex/latex/l3backend\l3backend-xet
ex.def
File: l3backend-xetex.def 2025-10-09 L3 backend support: XeTeX
\g__graphics_track_int=\count344
\g__pdfannot_backend_int=\count345
\g__pdfannot_backend_link_int=\count346
))
Package: xparse 2025-10-09 L3 Experimental document command parser
))
\g__tblr_nohyper_int=\count347
\l__tblr_a_int=\count348
\l__tblr_c_int=\count349
\l__tblr_r_int=\count350
\l__tblr_d_dim=\dimen297
\l__tblr_h_dim=\dimen298
\l__tblr_o_dim=\dimen299
\l__tblr_p_dim=\dimen300
\l__tblr_q_dim=\dimen301
\l__tblr_r_dim=\dimen302
\l__tblr_s_dim=\dimen303
\l__tblr_t_dim=\dimen304
\l__tblr_v_dim=\dimen305
\l__tblr_w_dim=\dimen306
\l__tblr_a_box=\box73
\l__tblr_b_box=\box74
\l__tblr_c_box=\box75
\l__tblr_d_box=\box76
\c@tblrcount=\count351
\c@colnum=\count352
\c@rowcount=\count353
\c@colcount=\count354
\abovesep=\dimen307
\belowsep=\dimen308
\leftsep=\dimen309
\rightsep=\dimen310
\gTblrLevelInt=\count355
\g__tblr_data_row_key_count_int=\count356
\g__tblr_data_column_key_count_int=\count357
\g__tblr_data_cell_key_count_int=\count358
\g__tblr_array_int=\count359
\l__tblr_key_count_int=\count360
\l__tblr_key_quotient_int=\count361
\l__tblr_key_quotient_two_int=\count362
\l__tblr_key_remainder_int=\count363
\g__tblr_data_str_value_count_int=\count364
\lTblrChildTotalInt=\count365
\lTblrChildHtotalInt=\count366
\lTblrChildVtotalInt=\count367
\l__child_diff_h_int=\count368
\l__child_diff_v_int=\count369
\l__child_sign_h_int=\count370
\l__child_sign_v_int=\count371
\l__child_step_int=\count372
\lTblrDefaultHruleWidthDim=\dimen311
\lTblrDefaultVruleWidthDim=\dimen312
\l__tblr_split_balance_int=\count373
\l__tblr_strut_dp_dim=\dimen313
\l__tblr_strut_ht_dim=\dimen314
\g__tblr_cell_wd_dim=\dimen315
\g__tblr_cell_ht_dim=\dimen316
\g__tblr_cell_head_dim=\dimen317
\g__tblr_cell_foot_dim=\dimen318
\l__tblr_measured_cell_box=\box77
\g__tblr_last_box=\box78
\l__tblr_temp_box=\box79
\l__tblr_column_target_dim=\dimen319
\l__tblr_hfuzz_dim=\dimen320
\l__tblr_caption_box=\box80
\l__tblr_caption_left_box=\box81
\lTblrRowHeadInt=\count374
\lTblrRowFootInt=\count375
\l__tblr_row_head_box=\box82
\l__tblr_row_foot_box=\box83
\l__tblr_row_head_foot_dim=\dimen321
\lTblrTableWidthDim=\dimen322
\l__tblr_table_firsthead_box=\box84
\l__tblr_table_middlehead_box=\box85
\l__tblr_table_lasthead_box=\box86
\l__tblr_table_firstfoot_box=\box87
\l__tblr_table_middlefoot_box=\box88
\l__tblr_table_lastfoot_box=\box89
\l__tblr_remain_height_dim=\dimen323
\l__tblr_next_rows_dim=\dimen324
\l__tblr_page_overfill_dim=\dimen325
\l__tblr_long_from_int=\count376
\l__tblr_long_to_int=\count377
\l__tblr_curr_i_int=\count378
\l__tblr_prev_i_int=\count379
\lTblrTablePageInt=\count380
\l__tblr_table_head_box=\box90
\l__tblr_table_foot_box=\box91
\l__tblr_table_head_foot_dim=\dimen326
\l__tblr_table_head_body_foot_dim=\dimen327
\l__tblr_table_box=\box92
\lTblrRowFirstInt=\count381
\lTblrRowLastInt=\count382
\l__tblr_cover_box_a_dim=\dimen328
\l__tblr_cover_box_b_dim=\dimen329
\l__tblr_table_hlines_box=\box93
\l__tblr_hline_box=\box94
\l__tblr_row_box=\box95
\l__tblr_col_o_wd_dim=\dimen330
\l__tblr_col_b_wd_dim=\dimen331
\l__tblr_hline_leftskip_dim=\dimen332
\l__tblr_hline_rightskip_dim=\dimen333
\l__tblr_row_ht_dim=\dimen334
\l__tblr_row_dp_dim=\dimen335
\l__tblr_row_abovesep_dim=\dimen336
\l__tblr_row_belowsep_dim=\dimen337
\l__tblr_row_vlines_box=\box96
\l__tblr_vline_box=\box97
\l__tblr_cell_box=\box98
\l__tblr_row_upper_dim=\dimen338
\l__tblr_row_lower_dim=\dimen339
\l__tblr_row_vpace_dim=\dimen340
\l__tblr_vline_aboveskip_dim=\dimen341
\l__tblr_vline_belowskip_dim=\dimen342
\lTblrCellRowSpanInt=\count383
\lTblrCellColSpanInt=\count384
\l__tblr_cell_wd_dim=\dimen343
\l__tblr_cell_ht_dim=\dimen344
\lTblrCellAboveBorderWidthDim=\dimen345
\lTblrCellBelowBorderWidthDim=\dimen346
\lTblrCellLeftBorderWidthDim=\dimen347
\lTblrCellRightBorderWidthDim=\dimen348
\l__tblr_diag_box=\box99
\l__tblr_cell_inner_wd_dim=\dimen349
\l__tblr_cell_inner_dp_dim=\dimen350
\l__tblr_cell_hanchor_dim=\dimen351
\l__tblr_last_cell_table_ht_dim=\dimen352
\l__tblr_last_cell_table_dp_dim=\dimen353
\l__tblr_last_vline_wd_dim=\dimen354
\l__tblr_tikz_node_box=\box100
)
(C:\Users\jorge\AppData\Local\Programs\MiKTeX\tex/latex/listings\lstlang1.sty
File: lstlang1.sty 2025/11/14 1.11b listings language file
)
(C:\Users\jorge\AppData\Local\Programs\MiKTeX\tex/latex/hyperref\hyperref.sty
Package: hyperref 2026-01-29 v7.01p Hypertext links for LaTeX

(C:\Users\jorge\AppData\Local\Programs\MiKTeX\tex/latex/kvsetkeys\kvsetkeys.sty
Package: kvsetkeys 2022-10-05 v1.19 Key value parser (HO)
)
(C:\Users\jorge\AppData\Local\Programs\MiKTeX\tex/generic/kvdefinekeys\kvdefine
keys.sty
Package: kvdefinekeys 2019-12-19 v1.6 Define keys (HO)
)
(C:\Users\jorge\AppData\Local\Programs\MiKTeX\tex/generic/pdfescape\pdfescape.s
ty
Package: pdfescape 2019/12/09 v1.15 Implements pdfTeX's escape features (HO)

(C:\Users\jorge\AppData\Local\Programs\MiKTeX\tex/generic/ltxcmds\ltxcmds.sty
Package: ltxcmds 2023-12-04 v1.26 LaTeX kernel commands for general use (HO)
)
(C:\Users\jorge\AppData\Local\Programs\MiKTeX\tex/generic/pdftexcmds\pdftexcmds
.sty
Package: pdftexcmds 2020-06-27 v0.33 Utility functions of pdfTeX for LuaTeX (HO
)

(C:\Users\jorge\AppData\Local\Programs\MiKTeX\tex/generic/infwarerr\infwarerr.s
ty
Package: infwarerr 2019/12/03 v1.5 Providing info/warning/error messages (HO)
)
Package pdftexcmds Info: \pdf@primitive is available.
Package pdftexcmds Info: \pdf@ifprimitive is available.
Package pdftexcmds Info: \pdfdraftmode not found.
))
(C:\Users\jorge\AppData\Local\Programs\MiKTeX\tex/latex/hycolor\hycolor.sty
Package: hycolor 2020-01-27 v1.10 Color options for hyperref/bookmark (HO)
)
(C:\Users\jorge\AppData\Local\Programs\MiKTeX\tex/latex/hyperref\nameref.sty
Package: nameref 2026-01-29 v2.58 Cross-referencing by name of section

(C:\Users\jorge\AppData\Local\Programs\MiKTeX\tex/latex/refcount\refcount.sty
Package: refcount 2019/12/15 v3.6 Data extraction from label references (HO)
)
(C:\Users\jorge\AppData\Local\Programs\MiKTeX\tex/generic/gettitlestring\gettit
lestring.sty
Package: gettitlestring 2019/12/15 v1.6 Cleanup title references (HO)

(C:\Users\jorge\AppData\Local\Programs\MiKTeX\tex/latex/kvoptions\kvoptions.sty
Package: kvoptions 2022-06-15 v3.15 Key value format for package options (HO)
))
\c@section@level=\count385
)
(C:\Users\jorge\AppData\Local\Programs\MiKTeX\tex/generic/stringenc\stringenc.s
ty
Package: stringenc 2019/11/29 v1.12 Convert strings between diff. encodings (HO
)
)
\@linkdim=\dimen355
\Hy@linkcounter=\count386
\Hy@pagecounter=\count387
 (C:\Users\jorge\AppData\Local\Programs\MiKTeX\tex/latex/hyperref\pd1enc.def
File: pd1enc.def 2026-01-29 v7.01p Hyperref: PDFDocEncoding definition (HO)
) (C:\Users\jorge\AppData\Local\Programs\MiKTeX\tex/generic/intcalc\intcalc.sty
Package: intcalc 2019/12/15 v1.3 Expandable calculations with integers (HO)
)
\Hy@SavedSpaceFactor=\count388
 (C:\Users\jorge\AppData\Local\Programs\MiKTeX\tex/latex/hyperref\puenc.def
File: puenc.def 2026-01-29 v7.01p Hyperref: PDF Unicode definition (HO)
)
Package hyperref Info: Hyper figures OFF on input line 4201.
Package hyperref Info: Link nesting OFF on input line 4206.
Package hyperref Info: Hyper index ON on input line 4209.
Package hyperref Info: Plain pages OFF on input line 4216.
Package hyperref Info: Backreferencing OFF on input line 4221.
Package hyperref Info: Implicit mode ON; LaTeX internals redefined.
Package hyperref Info: Bookmarks ON on input line 4468.
\c@Hy@tempcnt=\count389

(C:\Users\jorge\AppData\Local\Programs\MiKTeX\tex/latex/url\url.sty
\Urlmuskip=\muskip18
Package: url 2013/09/16  ver 3.4  Verb mode for urls, etc.
)
LaTeX Info: Redefining \url on input line 4807.
\XeTeXLinkMargin=\dimen356

(C:\Users\jorge\AppData\Local\Programs\MiKTeX\tex/generic/bitset\bitset.sty
Package: bitset 2019/12/09 v1.3 Handle bit-vector datatype (HO)

(C:\Users\jorge\AppData\Local\Programs\MiKTeX\tex/generic/bigintcalc\bigintcalc
.sty
Package: bigintcalc 2019/12/15 v1.5 Expandable calculations on big integers (HO
)
))
\Fld@menulength=\count390
\Field@Width=\dimen357
\Fld@charsize=\dimen358
Package hyperref Info: Hyper figures OFF on input line 6084.
Package hyperref Info: Link nesting OFF on input line 6089.
Package hyperref Info: Hyper index ON on input line 6092.
Package hyperref Info: backreferencing OFF on input line 6099.
Package hyperref Info: Link coloring OFF on input line 6104.
Package hyperref Info: Link coloring with OCG OFF on input line 6109.
Package hyperref Info: PDF/A mode OFF on input line 6114.
\Hy@abspage=\count391
\c@Item=\count392
\c@Hfootnote=\count393
)
Package hyperref Info: Driver (autodetected): hxetex.

(C:\Users\jorge\AppData\Local\Programs\MiKTeX\tex/latex/hyperref\hxetex.def
File: hxetex.def 2026-01-29 v7.01p Hyperref driver for XeTeX
\pdfm@box=\box101
\c@Hy@AnnotLevel=\count394
\HyField@AnnotCount=\count395
\Fld@listcount=\count396
\c@bookmark@seq@number=\count397

(C:\Users\jorge\AppData\Local\Programs\MiKTeX\tex/latex/rerunfilecheck\rerunfil
echeck.sty
Package: rerunfilecheck 2025-06-21 v1.11 Rerun checks for auxiliary files (HO)

(C:\Users\jorge\AppData\Local\Programs\MiKTeX\tex/generic/uniquecounter\uniquec
ounter.sty
Package: uniquecounter 2019/12/15 v1.4 Provide unlimited unique counter (HO)
)
Package uniquecounter Info: New unique counter `rerunfilecheck' on input line 2
84.
)
\Hy@SectionHShift=\skip74
)
Package hyperref Info: Option `colorlinks' set `true' on input line 87.
 (InformeBoguradJorge.aux
LaTeX Info: Redefining \. on input line 9.
LaTeX Info: Redefining \% on input line 9.
Package babel Info: 'spanish' activates 'spanish' shorthands.
(babel)             Reported on input line 9.
)
\openout1 = `InformeBoguradJorge.aux'.

LaTeX Font Info:    Checking defaults for OML/cmm/m/it on input line 89.
LaTeX Font Info:    ... okay on input line 89.
LaTeX Font Info:    Checking defaults for OMS/cmsy/m/n on input line 89.
LaTeX Font Info:    ... okay on input line 89.
LaTeX Font Info:    Checking defaults for OT1/cmr/m/n on input line 89.
LaTeX Font Info:    ... okay on input line 89.
LaTeX Font Info:    Checking defaults for T1/cmr/m/n on input line 89.
LaTeX Font Info:    ... okay on input line 89.
LaTeX Font Info:    Checking defaults for TS1/cmr/m/n on input line 89.
LaTeX Font Info:    ... okay on input line 89.
LaTeX Font Info:    Checking defaults for TU/lmr/m/n on input line 89.
LaTeX Font Info:    ... okay on input line 89.
LaTeX Font Info:    Checking defaults for OMX/cmex/m/n on input line 89.
LaTeX Font Info:    ... okay on input line 89.
LaTeX Font Info:    Checking defaults for U/cmr/m/n on input line 89.
LaTeX Font Info:    ... okay on input line 89.
LaTeX Font Info:    Checking defaults for PD1/pdf/m/n on input line 89.
LaTeX Font Info:    ... okay on input line 89.
LaTeX Font Info:    Checking defaults for PU/pdf/m/n on input line 89.
LaTeX Font Info:    ... okay on input line 89.
LaTeX Info: Redefining \. on input line 89.
LaTeX Info: Redefining \% on input line 89.
LaTeX Info: Redefining \microtypecontext on input line 89.
Package microtype Info: Applying patch `item' on input line 89.
Package microtype Info: Applying patch `toc' on input line 89.
Package microtype Info: Applying patch `eqnum' on input line 89.


Package microtype Warning: Unable to apply patch `footnote' on input line 89.

Package microtype Info: Applying patch `verbatim' on input line 89.
LaTeX Info: Redefining \microtypesetup on input line 89.
Package microtype Info: Character protrusion enabled (level 2).
Package microtype Info: Using default protrusion set `alltext'.
Package microtype Info: No adjustment of tracking.
Package microtype Info: No adjustment of spacing.
Package microtype Info: No adjustment of kerning.

(C:\Users\jorge\AppData\Local\Programs\MiKTeX\tex/latex/microtype\mt-LatinModer
nRoman.cfg
File: mt-LatinModernRoman.cfg 2021/02/21 v1.1 microtype config. file: Latin Mod
ern Roman (RS)
)
*geometry* driver: auto-detecting
*geometry* detected driver: xetex
*geometry* verbose mode - [ preamble ] result:
* driver: xetex
* paper: a4paper
* layout: <same size as paper>
* layoutoffset:(h,v)=(0.0pt,0.0pt)
* modes: 
* h-part:(L,W,R)=(71.13188pt, 455.24411pt, 71.13188pt)
* v-part:(T,H,B)=(85.35826pt, 674.33032pt, 85.35826pt)
* \paperwidth=597.50787pt
* \paperheight=845.04684pt
* \textwidth=455.24411pt
* \textheight=674.33032pt
* \oddsidemargin=-1.1381pt
* \evensidemargin=-1.1381pt
* \topmargin=-23.91173pt
* \headheight=12.0pt
* \headsep=25.0pt
* \topskip=12.0pt
* \footskip=30.0pt
* \marginparwidth=35.0pt
* \marginparsep=10.0pt
* \columnsep=10.0pt
* \skip\footins=10.8pt plus 4.0pt minus 2.0pt
* \hoffset=0.0pt
* \voffset=0.0pt
* \mag=1000
* \@twocolumnfalse
* \@twosidefalse
* \@mparswitchfalse
* \@reversemarginfalse
* (1in=72.27pt=25.4mm, 1cm=28.453pt)

\c@lstlisting=\count398
Package hyperref Info: Link coloring ON on input line 89.
(InformeBoguradJorge.out) (InformeBoguradJorge.out)
\@outlinefile=\write4
\openout4 = `InformeBoguradJorge.out'.

 [1

]
(InformeBoguradJorge.toc
LaTeX Info: Redefining \. on input line 1.
LaTeX Info: Redefining \% on input line 1.

(C:\Users\jorge\AppData\Local\Programs\MiKTeX\tex/latex/microtype\mt-cmr.cfg
File: mt-cmr.cfg 2013/05/19 v2.2 microtype config. file: Computer Modern Roman 
(RS)
)
LaTeX Font Info:    Trying to load font information for U+msa on input line 3.

(C:\Users\jorge\AppData\Local\Programs\MiKTeX\tex/latex/amsfonts\umsa.fd
File: umsa.fd 2013/01/14 v3.01 AMS symbols A
)
(C:\Users\jorge\AppData\Local\Programs\MiKTeX\tex/latex/microtype\mt-msa.cfg
File: mt-msa.cfg 2006/02/04 v1.1 microtype config. file: AMS symbols (a) (RS)
)
LaTeX Font Info:    Trying to load font information for U+msb on input line 3.

(C:\Users\jorge\AppData\Local\Programs\MiKTeX\tex/latex/amsfonts\umsb.fd
File: umsb.fd 2013/01/14 v3.01 AMS symbols B
)
(C:\Users\jorge\AppData\Local\Programs\MiKTeX\tex/latex/microtype\mt-msb.cfg
File: mt-msb.cfg 2005/06/01 v1.0 microtype config. file: AMS symbols (b) (RS)
))
\tf@toc=\write5
\openout5 = `InformeBoguradJorge.toc'.


[1

]
Capítulo 1.
Package microtype Info: Loading generic protrusion settings for font family
(microtype)             `lmtt' (encoding: TU).
(microtype)             For optimal results, create family-specific settings.
(microtype)             See the microtype manual for details.
[1

]
LaTeX Info: Redefining \. on input line 186.
LaTeX Info: Redefining \% on input line 186.
Package babel Info: 'spanish' activates 'spanish' shorthands.
(babel)             Reported on input line 186.


Package fancyhdr Warning: \headheight is too small (12.0pt): 
(fancyhdr)                Make it at least 14.49998pt, for example:
(fancyhdr)                \setlength{\headheight}{14.49998pt}.
(fancyhdr)                You might also make \topmargin smaller:
(fancyhdr)                \addtolength{\topmargin}{-2.49998pt}.

[2]
Capítulo 2.

Underfull \hbox (badness 10000) in paragraph at lines 188--189

 []

File: Imagenes/TOTAL_ALL.png Graphic file (type bmp)
<Imagenes/TOTAL_ALL.png>
File: Imagenes/TOTAL_CENTER.png Graphic file (type bmp)
<Imagenes/TOTAL_CENTER.png>
[3

]
Underfull \hbox (badness 10000) in paragraph at lines 205--206

 []


Underfull \hbox (badness 10000) in paragraph at lines 207--208

 []

File: Imagenes/IN_ALL.png Graphic file (type bmp)
<Imagenes/IN_ALL.png>
LaTeX Info: Redefining \. on input line 217.
LaTeX Info: Redefining \% on input line 217.

Package fancyhdr Warning: \headheight is too small (12.0pt): 
(fancyhdr)                Make it at least 14.49998pt, for example:
(fancyhdr)                \setlength{\headheight}{14.49998pt}.
(fancyhdr)                You might also make \topmargin smaller:
(fancyhdr)                \addtolength{\topmargin}{-2.49998pt}.

[4]
File: Imagenes/IN_Center.png Graphic file (type bmp)
<Imagenes/IN_Center.png>
File: Imagenes/OUT_ALL.png Graphic file (type bmp)
<Imagenes/OUT_ALL.png>
LaTeX Info: Redefining \. on input line 231.
LaTeX Info: Redefining \% on input line 231.


Package fancyhdr Warning: \headheight is too small (12.0pt): 
(fancyhdr)                Make it at least 14.49998pt, for example:
(fancyhdr)                \setlength{\headheight}{14.49998pt}.
(fancyhdr)                You might also make \topmargin smaller:
(fancyhdr)                \addtolength{\topmargin}{-2.49998pt}.

[5]
File: Imagenes/OUT_center.png Graphic file (type bmp)
<Imagenes/OUT_center.png>
LaTeX Info: Redefining \. on input line 240.
LaTeX Info: Redefining \% on input line 240.


Package fancyhdr Warning: \headheight is too small (12.0pt): 
(fancyhdr)                Make it at least 14.49998pt, for example:
(fancyhdr)                \setlength{\headheight}{14.49998pt}.
(fancyhdr)                You might also make \topmargin smaller:
(fancyhdr)                \addtolength{\topmargin}{-2.49998pt}.

[6]
File: Imagenes/ConectedComponent.png Graphic file (type bmp)
<Imagenes/ConectedComponent.png>
File: Imagenes/Conected_in.png Graphic file (type bmp)
<Imagenes/Conected_in.png>
LaTeX Info: Redefining \. on input line 254.
LaTeX Info: Redefining \% on input line 254.


Package fancyhdr Warning: \headheight is too small (12.0pt): 
(fancyhdr)                Make it at least 14.49998pt, for example:
(fancyhdr)                \setlength{\headheight}{14.49998pt}.
(fancyhdr)                You might also make \topmargin smaller:
(fancyhdr)                \addtolength{\topmargin}{-2.49998pt}.

[7]
Underfull \hbox (badness 10000) in paragraph at lines 255--256

 []

LaTeX Info: Redefining \. on input line 258.
LaTeX Info: Redefining \% on input line 258.

Package fancyhdr Warning: \headheight is too small (12.0pt): 
(fancyhdr)                Make it at least 14.49998pt, for example:
(fancyhdr)                \setlength{\headheight}{14.49998pt}.
(fancyhdr)                You might also make \topmargin smaller:
(fancyhdr)                \addtolength{\topmargin}{-2.49998pt}.

[8]
File: Imagenes/pypi_ciclos_categorias.png Graphic file (type bmp)
<Imagenes/pypi_ciclos_categorias.png>

Underfull \hbox (badness 10000) in paragraph at lines 269--270

 []

Missing character: There is no í in font cmmi8!
LaTeX Info: Redefining \. on input line 273.
LaTeX Info: Redefining \% on input line 273.

Package fancyhdr Warning: \headheight is too small (12.0pt): 
(fancyhdr)                Make it at least 14.49998pt, for example:
(fancyhdr)                \setlength{\headheight}{14.49998pt}.
(fancyhdr)                You might also make \topmargin smaller:
(fancyhdr)                \addtolength{\topmargin}{-2.49998pt}.

[9]
Missing character: There is no í in font cmmi8!
Missing character: There is no í in font cmmi8!
Missing character: There is no í in font cmmi8!
Missing character: There is no í in font cmmi8!
Missing character: There is no í in font cmmi6!
Missing character: There is no í in font cmmi8!
Missing character: There is no í in font cmmi8!

Underfull \hbox (badness 10000) in paragraph at lines 302--303

 []

Missing character: There is no í in font cmmi8!
Missing character: There is no í in font cmmi8!
Missing character: There is no í in font cmmi8!

Underfull \hbox (badness 10000) in paragraph at lines 307--308

 []

LaTeX Info: Redefining \. on input line 308.
LaTeX Info: Redefining \% on input line 308.

Package fancyhdr Warning: \headheight is too small (12.0pt): 
(fancyhdr)                Make it at least 14.49998pt, for example:
(fancyhdr)                \setlength{\headheight}{14.49998pt}.
(fancyhdr)                You might also make \topmargin smaller:
(fancyhdr)                \addtolength{\topmargin}{-2.49998pt}.

[10]
Missing character: There is no í in font cmmi8!
Missing character: There is no í in font cmmi8!

Underfull \hbox (badness 10000) in paragraph at lines 322--323

 []

LaTeX Info: Redefining \. on input line 334.
LaTeX Info: Redefining \% on input line 334.

Package fancyhdr Warning: \headheight is too small (12.0pt): 
(fancyhdr)                Make it at least 14.49998pt, for example:
(fancyhdr)                \setlength{\headheight}{14.49998pt}.
(fancyhdr)                You might also make \topmargin smaller:
(fancyhdr)                \addtolength{\topmargin}{-2.49998pt}.

[11]
Underfull \hbox (badness 10000) in paragraph at lines 351--352

 []

Missing character: There is no í in font cmmi8!
LaTeX Info: Redefining \. on input line 374.
LaTeX Info: Redefining \% on input line 374.

Package fancyhdr Warning: \headheight is too small (12.0pt): 
(fancyhdr)                Make it at least 14.49998pt, for example:
(fancyhdr)                \setlength{\headheight}{14.49998pt}.
(fancyhdr)                You might also make \topmargin smaller:
(fancyhdr)                \addtolength{\topmargin}{-2.49998pt}.

[12]
Missing character: There is no í in font cmmi8!
File: Imagenes/ley_potencias_kmin.png Graphic file (type bmp)
<Imagenes/ley_potencias_kmin.png>
Missing character: There is no í in font cmmi8!
Missing character: There is no í in font cmmi8!
LaTeX Info: Redefining \. on input line 383.
LaTeX Info: Redefining \% on input line 383.

Package fancyhdr Warning: \headheight is too small (12.0pt): 
(fancyhdr)                Make it at least 14.49998pt, for example:
(fancyhdr)                \setlength{\headheight}{14.49998pt}.
(fancyhdr)                You might also make \topmargin smaller:
(fancyhdr)                \addtolength{\topmargin}{-2.49998pt}.

[13]
Overfull \hbox (17.29382pt too wide) in paragraph at lines 389--409
 [][] 
 []

LaTeX Info: Redefining \. on input line 412.
LaTeX Info: Redefining \% on input line 412.

Package fancyhdr Warning: \headheight is too small (12.0pt): 
(fancyhdr)                Make it at least 14.49998pt, for example:
(fancyhdr)                \setlength{\headheight}{14.49998pt}.
(fancyhdr)                You might also make \topmargin smaller:
(fancyhdr)                \addtolength{\topmargin}{-2.49998pt}.

[14]
Underfull \hbox (badness 10000) in paragraph at lines 443--445

 []

LaTeX Info: Redefining \. on input line 445.
LaTeX Info: Redefining \% on input line 445.

Package fancyhdr Warning: \headheight is too small (12.0pt): 
(fancyhdr)                Make it at least 14.49998pt, for example:
(fancyhdr)                \setlength{\headheight}{14.49998pt}.
(fancyhdr)                You might also make \topmargin smaller:
(fancyhdr)                \addtolength{\topmargin}{-2.49998pt}.

[15]
File: Imagenes/PageRank_full.png Graphic file (type bmp)
<Imagenes/PageRank_full.png>
File: Imagenes/PageRank_In.png Graphic file (type bmp)
<Imagenes/PageRank_In.png>
LaTeX Info: Redefining \. on input line 462.
LaTeX Info: Redefining \% on input line 462.


Package fancyhdr Warning: \headheight is too small (12.0pt): 
(fancyhdr)                Make it at least 14.49998pt, for example:
(fancyhdr)                \setlength{\headheight}{14.49998pt}.
(fancyhdr)                You might also make \topmargin smaller:
(fancyhdr)                \addtolength{\topmargin}{-2.49998pt}.

[16]
Underfull \hbox (badness 10000) in paragraph at lines 463--465

 []


Underfull \hbox (badness 10000) in paragraph at lines 466--468

 []


Underfull \hbox (badness 10000) in paragraph at lines 469--471

 []

LaTeX Info: Redefining \. on input line 471.
LaTeX Info: Redefining \% on input line 471.

Package fancyhdr Warning: \headheight is too small (12.0pt): 
(fancyhdr)                Make it at least 14.49998pt, for example:
(fancyhdr)                \setlength{\headheight}{14.49998pt}.
(fancyhdr)                You might also make \topmargin smaller:
(fancyhdr)                \addtolength{\topmargin}{-2.49998pt}.

[17]
File: Imagenes/BTWEENESSOUT.png Graphic file (type bmp)
<Imagenes/BTWEENESSOUT.png>
File: Imagenes/BTWEENESIN.png Graphic file (type bmp)
<Imagenes/BTWEENESIN.png>
LaTeX Info: Redefining \. on input line 490.
LaTeX Info: Redefining \% on input line 490.


Package fancyhdr Warning: \headheight is too small (12.0pt): 
(fancyhdr)                Make it at least 14.49998pt, for example:
(fancyhdr)                \setlength{\headheight}{14.49998pt}.
(fancyhdr)                You might also make \topmargin smaller:
(fancyhdr)                \addtolength{\topmargin}{-2.49998pt}.

[18]
Underfull \hbox (badness 10000) in paragraph at lines 492--494

 []

LaTeX Info: Redefining \. on input line 494.
LaTeX Info: Redefining \% on input line 494.

Package fancyhdr Warning: \headheight is too small (12.0pt): 
(fancyhdr)                Make it at least 14.49998pt, for example:
(fancyhdr)                \setlength{\headheight}{14.49998pt}.
(fancyhdr)                You might also make \topmargin smaller:
(fancyhdr)                \addtolength{\topmargin}{-2.49998pt}.

[19]
File: Imagenes/Closeness_Out.png Graphic file (type bmp)
<Imagenes/Closeness_Out.png>
LaTeX Info: Redefining \. on input line 508.
LaTeX Info: Redefining \% on input line 508.


Package fancyhdr Warning: \headheight is too small (12.0pt): 
(fancyhdr)                Make it at least 14.49998pt, for example:
(fancyhdr)                \setlength{\headheight}{14.49998pt}.
(fancyhdr)                You might also make \topmargin smaller:
(fancyhdr)                \addtolength{\topmargin}{-2.49998pt}.

[20]
File: Imagenes/Closeness_In.png Graphic file (type bmp)
<Imagenes/Closeness_In.png>
LaTeX Info: Redefining \. on input line 518.
LaTeX Info: Redefining \% on input line 518.


Package fancyhdr Warning: \headheight is too small (12.0pt): 
(fancyhdr)                Make it at least 14.49998pt, for example:
(fancyhdr)                \setlength{\headheight}{14.49998pt}.
(fancyhdr)                You might also make \topmargin smaller:
(fancyhdr)                \addtolength{\topmargin}{-2.49998pt}.

[21]
File: Imagenes/centrality_distributions_linear.png Graphic file (type bmp)
<Imagenes/centrality_distributions_linear.png>
File: Imagenes/centrality_distributions_loglog.png Graphic file (type bmp)
<Imagenes/centrality_distributions_loglog.png>
LaTeX Info: Redefining \. on input line 546.
LaTeX Info: Redefining \% on input line 546.


Package fancyhdr Warning: \headheight is too small (12.0pt): 
(fancyhdr)                Make it at least 14.49998pt, for example:
(fancyhdr)                \setlength{\headheight}{14.49998pt}.
(fancyhdr)                You might also make \topmargin smaller:
(fancyhdr)                \addtolength{\topmargin}{-2.49998pt}.

[22]
File: Imagenes/Comunidades.png Graphic file (type bmp)
<Imagenes/Comunidades.png>

Underfull \hbox (badness 5652) in paragraph at lines 605--605
\TU/lmr/m/n/12 Markdown (\TU/lmtt/m/n/12 markdown-it-py\TU/lmr/m/n/12 ), e inte
rfaces gráficas Qt (\TU/lmtt/m/n/12 PyQt5\TU/lmr/m/n/12 ,
 []


Underfull \hbox (badness 2326) in paragraph at lines 605--605
[]\TU/lmr/m/n/12 Comunidad centrada en el desarrollo de APIs web y servicios
 []


Underfull \hbox (badness 1292) in paragraph at lines 605--605
\TU/lmr/m/n/12 como núcleo principal. Incluye clientes HTTP (\TU/lmtt/m/n/12 ht
tpx\TU/lmr/m/n/12 , \TU/lmtt/m/n/12 requests\TU/lmr/m/n/12 ,
 []


Underfull \hbox (badness 3503) in paragraph at lines 605--605
\TU/lmtt/m/n/12 google-cloud-aiplatform\TU/lmr/m/n/12 ), mensajería y colas (\T
U/lmtt/m/n/12 celery\TU/lmr/m/n/12 , \TU/lmtt/m/n/12 kombu\TU/lmr/m/n/12 ,
 []


Underfull \hbox (badness 4429) in paragraph at lines 605--605
[]\TU/lmr/m/n/12 Comunidad dominada por definiciones de tipos estáticos para
 []


Underfull \hbox (badness 4353) in paragraph at lines 605--605
\TU/lmr/m/n/12 el ecosistema AWS, con miles de paquetes \TU/lmtt/m/n/12 types-b
oto3-* \TU/lmr/m/n/12 y
 []


Underfull \hbox (badness 4927) in paragraph at lines 605--605
\TU/lmr/m/n/12 herramientas de pruebas basadas en propiedades (\TU/lmtt/m/n/12 
hypothesis\TU/lmr/m/n/12 ,
 []


Underfull \hbox (badness 10000) in paragraph at lines 605--605
[]\TU/lmr/m/n/12 Comunidad centrada en el ecosistema de Google Cloud
 []


Underfull \hbox (badness 10000) in paragraph at lines 605--605
\TU/lmr/m/n/12 Platform y sus APIs. Agrupa clientes oficiales para servi-
 []


Underfull \hbox (badness 10000) in paragraph at lines 605--605
\TU/lmr/m/n/12 cios como \TU/lmtt/m/n/12 google-cloud-bigquery\TU/lmr/m/n/12 , 
\TU/lmtt/m/n/12 google-cloud-storage\TU/lmr/m/n/12 ,
 []


Underfull \hbox (badness 10000) in paragraph at lines 605--605
\TU/lmtt/m/n/12 google-cloud-pubsub\TU/lmr/m/n/12 , \TU/lmtt/m/n/12 google-clou
d-spanner \TU/lmr/m/n/12 y
 []


Underfull \hbox (badness 4048) in paragraph at lines 605--605
\TU/lmtt/m/n/12 google-cloud-aiplatform\TU/lmr/m/n/12 , junto con la infraestru
ctura de au-
 []


Underfull \hbox (badness 4543) in paragraph at lines 605--605
\TU/lmr/m/n/12 tenticación y comunicación (\TU/lmtt/m/n/12 grpcio\TU/lmr/m/n/12
 , \TU/lmtt/m/n/12 google-auth\TU/lmr/m/n/12 , \TU/lmtt/m/n/12 proto-plus\TU/lm
r/m/n/12 ,
 []


Underfull \hbox (badness 1502) in paragraph at lines 605--605
[]\TU/lmr/m/n/12 Comunidad no conexa compuesta exclusivamente por \TU/lmtt/m/n/
12 ansible \TU/lmr/m/n/12 y
 []


Underfull \hbox (badness 5036) in paragraph at lines 605--605
[]\TU/lmr/m/n/12 Comunidad orientada a la documentación con \TU/lmtt/m/n/12 mkd
ocs \TU/lmr/m/n/12 y sus
 []


Underfull \hbox (badness 2376) in paragraph at lines 605--605
\TU/lmr/m/n/12 extensiones (\TU/lmtt/m/n/12 mkdocs-material\TU/lmr/m/n/12 , \TU
/lmtt/m/n/12 mkdocstrings\TU/lmr/m/n/12 , \TU/lmtt/m/n/12 mkdocs-gen-files\TU/l
mr/m/n/12 ,
 []


Underfull \hbox (badness 1603) in paragraph at lines 605--605
\TU/lmr/m/n/12 de alto rendimiento como \TU/lmtt/m/n/12 granian \TU/lmr/m/n/12 
y \TU/lmtt/m/n/12 uvloop\TU/lmr/m/n/12 . Incluye el frame-
 []


Underfull \hbox (badness 3189) in paragraph at lines 605--605
[]\TU/lmr/m/n/12 Comunidad mínima formada por el binding oficial de Qt pa-
 []


Underfull \hbox (badness 10000) in paragraph at lines 605--605
[]\TU/lmr/m/n/12 Comunidad dominada por el AWS Cloud Development Kit
 []


Underfull \hbox (badness 1048) in paragraph at lines 605--605
\TU/lmr/m/n/12 (\TU/lmtt/m/n/12 aws-cdk-lib \TU/lmr/m/n/12 y la familia \TU/lmt
t/m/n/12 aws-cdk.aws-*\TU/lmr/m/n/12 ), que proporciona abs-
 []


Underfull \hbox (badness 1286) in paragraph at lines 605--605
\TU/lmtt/m/n/12 jsii \TU/lmr/m/n/12 y \TU/lmtt/m/n/12 aws-cdk.core\TU/lmr/m/n/1
2 , con módulos especializados para servicios
 []


Underfull \hbox (badness 10000) in paragraph at lines 605--605
\TU/lmr/m/n/12 como \TU/lmtt/m/n/12 aws-cdk.aws-lambda\TU/lmr/m/n/12 , \TU/lmtt
/m/n/12 aws-cdk.aws-ec2\TU/lmr/m/n/12 , \TU/lmtt/m/n/12 aws-cdk.aws-s3\TU/lmr/m
/n/12 ,
 []


Underfull \hbox (badness 1292) in paragraph at lines 605--605
[]\TU/lmr/m/n/12 Comunidad centrada en el framework de red asíncrono \TU/lmtt/m
/n/12 twisted
 []


Underfull \hbox (badness 3375) in paragraph at lines 605--605
\TU/lmr/m/n/12 y el extenso ecosistema de bindings \TU/lmtt/m/n/12 pyobjc \TU/l
mr/m/n/12 para macOS. El
 []


Underfull \hbox (badness 6220) in paragraph at lines 605--605
\TU/lmr/m/n/12 componente \TU/lmtt/m/n/12 twisted \TU/lmr/m/n/12 incluye soport
e para protocolos de red,
 []


Underfull \hbox (badness 2922) in paragraph at lines 605--605
\TU/lmr/m/n/12 TLS y concurrencia (\TU/lmtt/m/n/12 automat\TU/lmr/m/n/12 , \TU/
lmtt/m/n/12 hyperlink\TU/lmr/m/n/12 , \TU/lmtt/m/n/12 incremental\TU/lmr/m/n/12
 ), mien-
 []


Underfull \hbox (badness 1838) in paragraph at lines 605--605
\TU/lmr/m/n/12 como \TU/lmtt/m/n/12 nvidia-cublas\TU/lmr/m/n/12 , \TU/lmtt/m/n/
12 nvidia-cudnn-cu13\TU/lmr/m/n/12 , \TU/lmtt/m/n/12 nvidia-cuda-runtime\TU/lmr
/m/n/12 ,
 []


Underfull \hbox (badness 1817) in paragraph at lines 605--605
\TU/lmtt/m/n/12 nvidia-nccl-cu13 \TU/lmr/m/n/12 y \TU/lmtt/m/n/12 nvidia-nvshme
m-cu13\TU/lmr/m/n/12 , junto con el plugin
 []


Underfull \hbox (badness 5711) in paragraph at lines 605--605
[]\TU/lmr/m/n/12 Comunidad formada por librerías de bajo nivel del ecosiste-
 []


Underfull \hbox (badness 10000) in paragraph at lines 605--605
\TU/lmr/m/n/12 ma ROCm de AMD para computación en GPU, incluyen-
 []


Underfull \hbox (badness 10000) in paragraph at lines 605--605
\TU/lmr/m/n/12 do \TU/lmtt/m/n/12 amd_rocm_hip_runtime_instinct\TU/lmr/m/n/12 ,
 \TU/lmtt/m/n/12 amd_hipblas_instinct\TU/lmr/m/n/12 ,
 []


Underfull \hbox (badness 1577) in paragraph at lines 605--605
[]\TU/lmr/m/n/12 Comunidad mínima formada por el ecosistema \TU/lmtt/m/n/12 itk
wasm \TU/lmr/m/n/12 para el
 []


Underfull \hbox (badness 1533) in paragraph at lines 605--605
\TU/lmr/m/n/12 procesamiento de imágenes médicas en WebAssembly, incluyendo
 []

LaTeX Info: Redefining \. on input line 605.
LaTeX Info: Redefining \% on input line 605.

Package fancyhdr Warning: \headheight is too small (12.0pt): 
(fancyhdr)                Make it at least 14.49998pt, for example:
(fancyhdr)                \setlength{\headheight}{14.49998pt}.
(fancyhdr)                You might also make \topmargin smaller:
(fancyhdr)                \addtolength{\topmargin}{-2.49998pt}.

[23]
Underfull \hbox (badness 5652) in paragraph at lines 605--605
\TU/lmr/m/n/12 Markdown (\TU/lmtt/m/n/12 markdown-it-py\TU/lmr/m/n/12 ), e inte
rfaces gráficas Qt (\TU/lmtt/m/n/12 PyQt5\TU/lmr/m/n/12 ,
 []


Underfull \hbox (badness 2326) in paragraph at lines 605--605
[]\TU/lmr/m/n/12 Comunidad centrada en el desarrollo de APIs web y servicios
 []


Underfull \hbox (badness 1292) in paragraph at lines 605--605
\TU/lmr/m/n/12 como núcleo principal. Incluye clientes HTTP (\TU/lmtt/m/n/12 ht
tpx\TU/lmr/m/n/12 , \TU/lmtt/m/n/12 requests\TU/lmr/m/n/12 ,
 []


Underfull \hbox (badness 3503) in paragraph at lines 605--605
\TU/lmtt/m/n/12 google-cloud-aiplatform\TU/lmr/m/n/12 ), mensajería y colas (\T
U/lmtt/m/n/12 celery\TU/lmr/m/n/12 , \TU/lmtt/m/n/12 kombu\TU/lmr/m/n/12 ,
 []


Underfull \hbox (badness 4429) in paragraph at lines 605--605
[]\TU/lmr/m/n/12 Comunidad dominada por definiciones de tipos estáticos para
 []


Underfull \hbox (badness 4353) in paragraph at lines 605--605
\TU/lmr/m/n/12 el ecosistema AWS, con miles de paquetes \TU/lmtt/m/n/12 types-b
oto3-* \TU/lmr/m/n/12 y
 []

LaTeX Info: Redefining \. on input line 605.
LaTeX Info: Redefining \% on input line 605.

Package fancyhdr Warning: \headheight is too small (12.0pt): 
(fancyhdr)                Make it at least 14.49998pt, for example:
(fancyhdr)                \setlength{\headheight}{14.49998pt}.
(fancyhdr)                You might also make \topmargin smaller:
(fancyhdr)                \addtolength{\topmargin}{-2.49998pt}.

[24]
Underfull \hbox (badness 4927) in paragraph at lines 605--605
\TU/lmr/m/n/12 herramientas de pruebas basadas en propiedades (\TU/lmtt/m/n/12 
hypothesis\TU/lmr/m/n/12 ,
 []


Underfull \hbox (badness 10000) in paragraph at lines 605--605
[]\TU/lmr/m/n/12 Comunidad centrada en el ecosistema de Google Cloud
 []


Underfull \hbox (badness 10000) in paragraph at lines 605--605
\TU/lmr/m/n/12 Platform y sus APIs. Agrupa clientes oficiales para servi-
 []


Underfull \hbox (badness 10000) in paragraph at lines 605--605
\TU/lmr/m/n/12 cios como \TU/lmtt/m/n/12 google-cloud-bigquery\TU/lmr/m/n/12 , 
\TU/lmtt/m/n/12 google-cloud-storage\TU/lmr/m/n/12 ,
 []


Underfull \hbox (badness 10000) in paragraph at lines 605--605
\TU/lmtt/m/n/12 google-cloud-pubsub\TU/lmr/m/n/12 , \TU/lmtt/m/n/12 google-clou
d-spanner \TU/lmr/m/n/12 y
 []


Underfull \hbox (badness 4048) in paragraph at lines 605--605
\TU/lmtt/m/n/12 google-cloud-aiplatform\TU/lmr/m/n/12 , junto con la infraestru
ctura de au-
 []


Underfull \hbox (badness 4543) in paragraph at lines 605--605
\TU/lmr/m/n/12 tenticación y comunicación (\TU/lmtt/m/n/12 grpcio\TU/lmr/m/n/12
 , \TU/lmtt/m/n/12 google-auth\TU/lmr/m/n/12 , \TU/lmtt/m/n/12 proto-plus\TU/lm
r/m/n/12 ,
 []

LaTeX Info: Redefining \. on input line 605.
LaTeX Info: Redefining \% on input line 605.

Package fancyhdr Warning: \headheight is too small (12.0pt): 
(fancyhdr)                Make it at least 14.49998pt, for example:
(fancyhdr)                \setlength{\headheight}{14.49998pt}.
(fancyhdr)                You might also make \topmargin smaller:
(fancyhdr)                \addtolength{\topmargin}{-2.49998pt}.

[25]
Underfull \hbox (badness 1502) in paragraph at lines 605--605
[]\TU/lmr/m/n/12 Comunidad no conexa compuesta exclusivamente por \TU/lmtt/m/n/
12 ansible \TU/lmr/m/n/12 y
 []


Underfull \hbox (badness 5036) in paragraph at lines 605--605
[]\TU/lmr/m/n/12 Comunidad orientada a la documentación con \TU/lmtt/m/n/12 mkd
ocs \TU/lmr/m/n/12 y sus
 []


Underfull \hbox (badness 2376) in paragraph at lines 605--605
\TU/lmr/m/n/12 extensiones (\TU/lmtt/m/n/12 mkdocs-material\TU/lmr/m/n/12 , \TU
/lmtt/m/n/12 mkdocstrings\TU/lmr/m/n/12 , \TU/lmtt/m/n/12 mkdocs-gen-files\TU/l
mr/m/n/12 ,
 []


Underfull \hbox (badness 1603) in paragraph at lines 605--605
\TU/lmr/m/n/12 de alto rendimiento como \TU/lmtt/m/n/12 granian \TU/lmr/m/n/12 
y \TU/lmtt/m/n/12 uvloop\TU/lmr/m/n/12 . Incluye el frame-
 []


Underfull \hbox (badness 3189) in paragraph at lines 605--605
[]\TU/lmr/m/n/12 Comunidad mínima formada por el binding oficial de Qt pa-
 []

LaTeX Info: Redefining \. on input line 605.
LaTeX Info: Redefining \% on input line 605.

Package fancyhdr Warning: \headheight is too small (12.0pt): 
(fancyhdr)                Make it at least 14.49998pt, for example:
(fancyhdr)                \setlength{\headheight}{14.49998pt}.
(fancyhdr)                You might also make \topmargin smaller:
(fancyhdr)                \addtolength{\topmargin}{-2.49998pt}.

[26]
Underfull \hbox (badness 10000) in paragraph at lines 605--605
[]\TU/lmr/m/n/12 Comunidad dominada por el AWS Cloud Development Kit
 []


Underfull \hbox (badness 1048) in paragraph at lines 605--605
\TU/lmr/m/n/12 (\TU/lmtt/m/n/12 aws-cdk-lib \TU/lmr/m/n/12 y la familia \TU/lmt
t/m/n/12 aws-cdk.aws-*\TU/lmr/m/n/12 ), que proporciona abs-
 []


Underfull \hbox (badness 1286) in paragraph at lines 605--605
\TU/lmtt/m/n/12 jsii \TU/lmr/m/n/12 y \TU/lmtt/m/n/12 aws-cdk.core\TU/lmr/m/n/1
2 , con módulos especializados para servicios
 []


Underfull \hbox (badness 10000) in paragraph at lines 605--605
\TU/lmr/m/n/12 como \TU/lmtt/m/n/12 aws-cdk.aws-lambda\TU/lmr/m/n/12 , \TU/lmtt
/m/n/12 aws-cdk.aws-ec2\TU/lmr/m/n/12 , \TU/lmtt/m/n/12 aws-cdk.aws-s3\TU/lmr/m
/n/12 ,
 []


Underfull \hbox (badness 1292) in paragraph at lines 605--605
[]\TU/lmr/m/n/12 Comunidad centrada en el framework de red asíncrono \TU/lmtt/m
/n/12 twisted
 []


Underfull \hbox (badness 3375) in paragraph at lines 605--605
\TU/lmr/m/n/12 y el extenso ecosistema de bindings \TU/lmtt/m/n/12 pyobjc \TU/l
mr/m/n/12 para macOS. El
 []


Underfull \hbox (badness 6220) in paragraph at lines 605--605
\TU/lmr/m/n/12 componente \TU/lmtt/m/n/12 twisted \TU/lmr/m/n/12 incluye soport
e para protocolos de red,
 []


Underfull \hbox (badness 2922) in paragraph at lines 605--605
\TU/lmr/m/n/12 TLS y concurrencia (\TU/lmtt/m/n/12 automat\TU/lmr/m/n/12 , \TU/
lmtt/m/n/12 hyperlink\TU/lmr/m/n/12 , \TU/lmtt/m/n/12 incremental\TU/lmr/m/n/12
 ), mien-
 []

LaTeX Info: Redefining \. on input line 605.
LaTeX Info: Redefining \% on input line 605.

Package fancyhdr Warning: \headheight is too small (12.0pt): 
(fancyhdr)                Make it at least 14.49998pt, for example:
(fancyhdr)                \setlength{\headheight}{14.49998pt}.
(fancyhdr)                You might also make \topmargin smaller:
(fancyhdr)                \addtolength{\topmargin}{-2.49998pt}.

[27]
Underfull \hbox (badness 1838) in paragraph at lines 605--605
\TU/lmr/m/n/12 como \TU/lmtt/m/n/12 nvidia-cublas\TU/lmr/m/n/12 , \TU/lmtt/m/n/
12 nvidia-cudnn-cu13\TU/lmr/m/n/12 , \TU/lmtt/m/n/12 nvidia-cuda-runtime\TU/lmr
/m/n/12 ,
 []


Underfull \hbox (badness 1817) in paragraph at lines 605--605
\TU/lmtt/m/n/12 nvidia-nccl-cu13 \TU/lmr/m/n/12 y \TU/lmtt/m/n/12 nvidia-nvshme
m-cu13\TU/lmr/m/n/12 , junto con el plugin
 []


Underfull \hbox (badness 5711) in paragraph at lines 605--605
[]\TU/lmr/m/n/12 Comunidad formada por librerías de bajo nivel del ecosiste-
 []


Underfull \hbox (badness 10000) in paragraph at lines 605--605
\TU/lmr/m/n/12 ma ROCm de AMD para computación en GPU, incluyen-
 []


Underfull \hbox (badness 10000) in paragraph at lines 605--605
\TU/lmr/m/n/12 do \TU/lmtt/m/n/12 amd_rocm_hip_runtime_instinct\TU/lmr/m/n/12 ,
 \TU/lmtt/m/n/12 amd_hipblas_instinct\TU/lmr/m/n/12 ,
 []


Underfull \hbox (badness 1577) in paragraph at lines 605--605
[]\TU/lmr/m/n/12 Comunidad mínima formada por el ecosistema \TU/lmtt/m/n/12 itk
wasm \TU/lmr/m/n/12 para el
 []


Underfull \hbox (badness 1533) in paragraph at lines 605--605
\TU/lmr/m/n/12 procesamiento de imágenes médicas en WebAssembly, incluyendo
 []

LaTeX Info: Redefining \. on input line 605.
LaTeX Info: Redefining \% on input line 605.

Package fancyhdr Warning: \headheight is too small (12.0pt): 
(fancyhdr)                Make it at least 14.49998pt, for example:
(fancyhdr)                \setlength{\headheight}{14.49998pt}.
(fancyhdr)                You might also make \topmargin smaller:
(fancyhdr)                \addtolength{\topmargin}{-2.49998pt}.

[28]
LaTeX Info: Redefining \. on input line 608.
LaTeX Info: Redefining \% on input line 608.


Package fancyhdr Warning: \headheight is too small (12.0pt): 
(fancyhdr)                Make it at least 14.49998pt, for example:
(fancyhdr)                \setlength{\headheight}{14.49998pt}.
(fancyhdr)                You might also make \topmargin smaller:
(fancyhdr)                \addtolength{\topmargin}{-2.49998pt}.

[29]
Capítulo 3.

Overfull \hbox (3.09183pt too wide) in paragraph at lines 618--619
[]\TU/lmtt/m/n/12 igraph\TU/lmr/m/n/12 : se utiliza para cargar el grafo desde 
el fichero \TU/lmtt/m/n/12 pypi_multiseed_10k.graphml
 []


Underfull \hbox (badness 10000) in paragraph at lines 627--629

 []

[30

]
File: Imagenes/Initial.png Graphic file (type bmp)
<Imagenes/Initial.png>

Underfull \hbox (badness 10000) in paragraph at lines 641--644

 []

LaTeX Info: Redefining \. on input line 649.
LaTeX Info: Redefining \% on input line 649.

Package fancyhdr Warning: \headheight is too small (12.0pt): 
(fancyhdr)                Make it at least 14.49998pt, for example:
(fancyhdr)                \setlength{\headheight}{14.49998pt}.
(fancyhdr)                You might also make \topmargin smaller:
(fancyhdr)                \addtolength{\topmargin}{-2.49998pt}.

[31]
File: Imagenes/Full.png Graphic file (type bmp)
<Imagenes/Full.png>
LaTeX Info: Redefining \. on input line 681.
LaTeX Info: Redefining \% on input line 681.


Package fancyhdr Warning: \headheight is too small (12.0pt): 
(fancyhdr)                Make it at least 14.49998pt, for example:
(fancyhdr)                \setlength{\headheight}{14.49998pt}.
(fancyhdr)                You might also make \topmargin smaller:
(fancyhdr)                \addtolength{\topmargin}{-2.49998pt}.

[32]
Underfull \hbox (badness 10000) in paragraph at lines 698--700

 []

LaTeX Info: Redefining \. on input line 700.
LaTeX Info: Redefining \% on input line 700.

Package fancyhdr Warning: \headheight is too small (12.0pt): 
(fancyhdr)                Make it at least 14.49998pt, for example:
(fancyhdr)                \setlength{\headheight}{14.49998pt}.
(fancyhdr)                You might also make \topmargin smaller:
(fancyhdr)                \addtolength{\topmargin}{-2.49998pt}.

[33]
LaTeX Info: Redefining \. on input line 742.
LaTeX Info: Redefining \% on input line 742.


Package fancyhdr Warning: \headheight is too small (12.0pt): 
(fancyhdr)                Make it at least 14.49998pt, for example:
(fancyhdr)                \setlength{\headheight}{14.49998pt}.
(fancyhdr)                You might also make \topmargin smaller:
(fancyhdr)                \addtolength{\topmargin}{-2.49998pt}.

[34]
LaTeX Info: Redefining \. on input line 755.
LaTeX Info: Redefining \% on input line 755.


Package fancyhdr Warning: \headheight is too small (12.0pt): 
(fancyhdr)                Make it at least 14.49998pt, for example:
(fancyhdr)                \setlength{\headheight}{14.49998pt}.
(fancyhdr)                You might also make \topmargin smaller:
(fancyhdr)                \addtolength{\topmargin}{-2.49998pt}.

[35]
Capítulo 4.
(InformeBoguradJorge.bbl [36

]) [37

] (InformeBoguradJorge.aux
LaTeX Info: Redefining \. on input line 9.
LaTeX Info: Redefining \% on input line 9.
)
 ***********
LaTeX2e <2025-11-01>
L3 programming layer <2026-01-19>
 ***********


Package rerunfilecheck Warning: File `InformeBoguradJorge.out' has changed.
(rerunfilecheck)                Rerun to get outlines right
(rerunfilecheck)                or use package `bookmark'.

Package rerunfilecheck Info: Checksums for `InformeBoguradJorge.out':
(rerunfilecheck)             Before: 54EA9A99474666D04434D9F98B222AAD;4638
(rerunfilecheck)             After:  B63F3335B7DC4AA510F4F5941F2D36D3;4611.
 ) 
Here is how much of TeX's memory you used:
 31270 strings out of 402982
 598369 string characters out of 5448473
 1207808 words of memory out of 5000000
 59528 multiletter control sequences out of 15000+600000
 635497 words of font info for 88 fonts, out of 8000000 for 9000
 1348 hyphenation exceptions out of 8191
 88i,17n,112p,1859b,1845s stack positions out of 10000i,1000n,20000p,200000b,200000s

Output written on InformeBoguradJorge.pdf (39 pages).
